[backblue.gif]
[fade.gif]
[index.html]
[demo.testfire.net/images/logo.gif]
[demo.testfire.net/images/gradient.jpg]
[demo.testfire.net/images/header_pic.jpg]
[demo.testfire.net/images/pf_lock.gif]
[demo.testfire.net/images/home1.jpg]
[demo.testfire.net/images/home2.jpg]
[demo.testfire.net/images/home3.jpg]
[demo.testfire.net/index.html]
[demo.testfire.net/style.css]
[demo.testfire.net/index-2.html]
[demo.testfire.net/login.html]
[demo.testfire.net/subscribe.swf]
[demo.testfire.net/images/inside6.jpg]
[demo.testfire.net/index86eb.html]
[demo.testfire.net/feedback.html]
[demo.testfire.net/images/p_main.jpg]
[demo.testfire.net/indexfadf.html]
[demo.testfire.net/images/b_main.jpg]
[demo.testfire.net/index2a69.html]
[demo.testfire.net/pr/communityannualreport.pdf]
[demo.testfire.net/images/inside1.jpg]
[demo.testfire.net/index4a61.html]
[demo.testfire.net/images/p_deposit.jpg]
[demo.testfire.net/indexeb20.html]
[demo.testfire.net/images/p_checking.jpg]
[demo.testfire.net/indexc207.html]
[demo.testfire.net/images/p_loans.jpg]
[demo.testfire.net/indexaf95.html]
[demo.testfire.net/images/p_cards.jpg]
[demo.testfire.net/indexb7e6.html]
[demo.testfire.net/images/p_investments.jpg]
[demo.testfire.net/indexb374.html]
[demo.testfire.net/images/p_other.jpg]
[demo.testfire.net/index0064.html]
[demo.testfire.net/images/b_deposit.jpg]
[demo.testfire.net/index7bb7.html]
[demo.testfire.net/images/b_lending.jpg]
[demo.testfire.net/indexad11.html]
[demo.testfire.net/images/b_cards.jpg]
[demo.testfire.net/index6349.html]
[demo.testfire.net/images/b_insurance.jpg]
[demo.testfire.net/index5788.html]
[demo.testfire.net/indexdb9a.html]
[demo.testfire.net/images/b_other.jpg]
[demo.testfire.net/index2345.html]
[demo.testfire.net/images/inside5.jpg]
[demo.testfire.net/indexca85.html]
[demo.testfire.net/cgi.html]
[demo.testfire.net/images/inside3.jpg]
[demo.testfire.net/index0aa1.html]
[demo.testfire.net/images/inside7.jpg]
[demo.testfire.net/indexf172.html]
[demo.testfire.net/images/inside4.jpg]
[demo.testfire.net/indexed9a.html]
[demo.testfire.net/subscribe.html]
[demo.testfire.net/index7114.html]
[demo.testfire.net/index97c5.html]
[demo.testfire.net/defaultaea6.html]
[demo.testfire.net/survey_questions.html]
[demo.testfire.net/indexaea6.html]
[demo.testfire.net/status_check.html]
[demo.testfire.net/swagger/favicon-32x32.png]
[demo.testfire.net/swagger/favicon-16x16.png]
[demo.testfire.net/swagger/swagger-ui-bundle.js]
[demo.testfire.net/swagger/swagger-ui-standalone-preset.js]
[demo.testfire.net/swagger/index.html]
[demo.testfire.net/images/ok.gif]
[demo.testfire.net/images/cancel.gif]
[demo.testfire.net/disclaimer93a8.html]
[demo.testfire.net/disclaimer2900.html]
[demo.testfire.net/comments.html]
[demo.testfire.net/images/adobe.gif]
[demo.testfire.net/index8fcf.html]
[demo.testfire.net/images/altoro.gif]
[demo.testfire.net/high_yield_investments.html]
[demo.testfire.net/my documents/JohnSmith/Bank Site Documents/grouplife.html]
[demo.testfire.net/images/b_retirement.jpg]
[demo.testfire.net/retirement.html]
[demo.testfire.net/images/spacer.gif]
[demo.testfire.net/indexbae8.html]
[demo.testfire.net/inside_points_of_interest.html]
[demo.testfire.net/index2a12.html]
[demo.testfire.net/indexac2e.html]
[demo.testfire.net/index59f5.html]
[demo.testfire.net/index49df.html]
[demo.testfire.net/indexc193.html]
[demo.testfire.net/index14e5.html]
[demo.testfire.net/index61b9.html]
[demo.testfire.net/index0b4d.html]
[demo.testfire.net/index6c68.html]
[demo.testfire.net/index58e2.html]
[demo.testfire.net/index6c8b.html]
[demo.testfire.net/index1cb5.html]
[demo.testfire.net/Privacypolicy3e7c.html]
[demo.testfire.net/survey_questions79e8.html]
[demo.testfire.net/images/icon_top.html]
[demo.testfire.net/GET.html]
[demo.testfire.net/util/serverStatusCheckServicee022.html]
[demo.testfire.net/swagger/swagger-ui.css]
[demo.testfire.net/index2db7.html]
[demo.testfire.net/default.html]
[demo.testfire.net/altoro/images/gradient.html]
[demo.testfire.net/security.html]
[demo.testfire.net/indexfd9c.html]
[demo.testfire.net/index972c.html]
[demo.testfire.net/index0e02.html]
[demo.testfire.net/indexe50f.html]
[demo.testfire.net/index049b.html]
[demo.testfire.net/indexfa22.html]
[demo.testfire.net/index0aa1-2.html]
[demo.testfire.net/survey_questionse858.html]
[demo.testfire.net/Documents/JohnSmith/VoluteeringInformation.html]
[demo-analytics.testfire.net/urchin.js]
[demo.testfire.net/survey_questions3045.html]
[www.exampledomainnotinuse.org/mybeacon.gif]
[demo.testfire.net/survey_questions2e4d.html]
[demo.testfire.net/survey_questions8abe.html]
